Copyright 1986-2016 Xilinx, Inc. All Rights Reserved.
-------------------------------------------------------------------------------------
| Tool Version : Vivado v.2016.3 (win64) Build 1682563 Mon Oct 10 19:07:27 MDT 2016
| Date         : Mon Apr 24 11:25:52 2017
| Host         : Dylan running 64-bit major release  (build 9200)
| Command      : report_control_sets -verbose -file Cerberus_control_sets_placed.rpt
| Design       : Cerberus
| Device       : xc7a35t
-------------------------------------------------------------------------------------

Control Set Information

Table of Contents
-----------------
1. Summary
2. Flip-Flop Distribution
3. Detailed Control Set Information

1. Summary
----------

+----------------------------------------------------------+-------+
|                          Status                          | Count |
+----------------------------------------------------------+-------+
| Number of unique control sets                            |     8 |
| Unused register locations in slices containing registers |    32 |
+----------------------------------------------------------+-------+


2. Flip-Flop Distribution
-------------------------

+--------------+-----------------------+------------------------+-----------------+--------------+
| Clock Enable | Synchronous Set/Reset | Asynchronous Set/Reset | Total Registers | Total Slices |
+--------------+-----------------------+------------------------+-----------------+--------------+
| No           | No                    | No                     |              35 |           21 |
| No           | No                    | Yes                    |               0 |            0 |
| No           | Yes                   | No                     |              17 |            5 |
| Yes          | No                    | No                     |               0 |            0 |
| Yes          | No                    | Yes                    |               0 |            0 |
| Yes          | Yes                   | No                     |              52 |           14 |
+--------------+-----------------------+------------------------+-----------------+--------------+


3. Detailed Control Set Information
-----------------------------------

+----------------+--------------------------------------------------------------+------------------------------------------------------+------------------+----------------+
|  Clock Signal  |                         Enable Signal                        |                   Set/Reset Signal                   | Slice Load Count | Bel Load Count |
+----------------+--------------------------------------------------------------+------------------------------------------------------+------------------+----------------+
|  CLK_50Hz_BUFG | NEOPIXEL1/GENERATION_NPSIGNAL/CMPT1/nextOctet                | NEOPIXEL1/GENERATION_NPSIGNAL/CMPT2/M[3]_i_1_n_0     |                1 |              4 |
|  CLK_50Hz_BUFG | NEOPIXEL1/GENERATION_NPSIGNAL/CMPT1/nextOctet                | NEOPIXEL1/GENERATION_NPSIGNAL/GEST_gen/M_reg[3]_0[0] |                1 |              4 |
|  CLK_50Hz_BUFG | NEOPIXEL1/GENERATION_NPSIGNAL/GEST_gen/M_reg[3][0]           | NEOPIXEL1/GENERATION_NPSIGNAL/GEST_gen/SR[0]         |                1 |              4 |
|  CLK_50Hz_BUFG | NEOPIXEL1/LEDS1/E[0]                                         | NEOPIXEL1/GENERATION_NPSIGNAL/GEST_gen/tmp_reg[3][0] |                2 |              5 |
|  CLK_50Hz_BUFG | NEOPIXEL1/GENERATION_NPSIGNAL/TEMPO_50us/Compteur/M_reg[0]_0 | NEOPIXEL1/GENERATION_NPSIGNAL/CMPT2/M_reg[0]_0       |                3 |             12 |
|  CLK_IBUF_BUFG |                                                              | CLK1/clear                                           |                5 |             17 |
|  CLK_50Hz_BUFG | capteur1_IBUF                                                | Attente/M[0]_i_1__3_n_0                              |                6 |             23 |
|  CLK_50Hz_BUFG |                                                              |                                                      |               21 |             35 |
+----------------+--------------------------------------------------------------+------------------------------------------------------+------------------+----------------+


+--------+-----------------------+
| Fanout | Number of ControlSets |
+--------+-----------------------+
| 4      |                     3 |
| 5      |                     1 |
| 12     |                     1 |
| 16+    |                     3 |
+--------+-----------------------+


